torch visible XPU GPUs: 1
torch current XPU GPU:  0 (Intel(R) Data Center GPU Max 1550)
dataset:   synthetic_inputs/R12000 -> synthetic_inputs/R12000
model:     PS_W
run_id:    74ba23396c4042afb1751afe9fa87520
device:    xpu
output:    /home/john/PtychoPINN/modeling_exp/Max/R12000/bs1024_outputs/synthetic_inputs/R12000_PS_W_recon.npz
Starting matched power monitor: /home/john/PtychoPINN/modeling_exp/Max/R12000/bs1024_power.csv
Loading model...

Downloading artifacts:   0%|          | 0/1 [00:00<?, ?it/s]
Downloading artifacts:   0%|          | 0/1 [00:00<?, ?it/s]
2026/06/24 19:56:08 WARNING mlflow.pytorch: Stored model version '2.5.1' does not match installed PyTorch version '2.10.0'
MLflow runs URI failed (Failed to download artifacts from path 'model', please ensure that the path is correct.); loading local model artifact: /home/john/PtychoPINN/mlruns/607544705844869811/74ba23396c4042afb1751afe9fa87520/artifacts/model
Model loaded. Beginning dataloader prep...
[PtychoDataset profile] __init__ setup: 0.000101 s
[PtychoDataset profile] file listing: 0.002009 s
Calculating dataset length with coordinate bounds...
[PtychoDataset profile] calculate_length file synthetic_12000_N64.npz npz_headers: 0.003735 s
For file synthetic_inputs/R12000/synthetic_12000_N64.npz, maximum x_range is (np.float64(32.0), np.float64(250.0)), yrange is (np.float64(32.0), np.float64(250.0))
[PtychoDataset profile] calculate_length file synthetic_12000_N64.npz total: 0.003851 s
[PtychoDataset profile] calculate_length total: 0.003863 s
[PtychoDataset profile] calculate_length: 0.003877 s
[PtychoDataset profile] map existence check: 0.000078 s
[PtychoDataset profile] map directory setup: 0.000031 s
Creating memory mapped tensor dictionary...
Memory map length: 9604
Memory map creation time: 0.0010557174682617188
[PtychoDataset profile] memory_map_data memmap_like: 0.001224 s
Populating memory map for dataset 0
Estimated rows for dataset: 9604
[PtychoDataset profile] memory_map_data dataset 0 load/filter coords: 0.001872 s
Building KDTree for 12000 points...
Processing 9604 potential central points...
Finished quadrant neighbor processing. Found 9604 valid C=4 groups.
[PtychoDataset profile] memory_map_data dataset 0 group coords: 0.926852 s
Actual grouped rows for dataset: 9604
[PtychoDataset profile] memory_map_data dataset 0 write grouped coord tensors: 0.005994 s
[PtychoDataset profile] memory_map_data dataset 0 write experiment ids: 0.000102 s
[PtychoDataset profile] memory_map_data dataset 0 load/store probe: 0.001465 s
[PtychoDataset profile] memory_map_data dataset 0 load/store object: 0.001927 s
Non-diffraction memory map write time: 0.9383139610290527
[PtychoDataset profile] memory_map_data dataset 0 load diff3d: 0.264157 s
Getting normalization coefficients...
Batch rms factor is tensor([[[[0.0488]]]])
[PtychoDataset profile] memory_map_data dataset 0 normalization constants: 0.025152 s
[PtychoDataset profile] memory_map_data dataset 0 write image tensors: 0.139626 s
Diffraction memory map write time: 0.4290437698364258
[PtychoDataset profile] memory_map_data dataset 0 total: 1.367383 s
[PtychoDataset profile] memory_map_data total: 1.369734 s
[PtychoDataset profile] memory_map_data: 1.370575 s
[PtychoDataset profile] save state file: 0.002878 s
[PtychoDataset profile] TensorDict.load_memmap: 0.022814 s
[PtychoDataset profile] load state file: 0.002489 s
[PtychoDataset Rank 0] Initialization successful. Dataset length: 9604.
[PtychoDataset profile] __init__ total: 1.405066 s
Dataloader finished.
Data config: DataConfig(nphotons=100000.0, N=64, C=4, K=6, K_quadrant=60, n_subsample=1, grid_size=[2, 2], neighbor_function='4_quadrant', min_neighbor_distance=0.5, max_neighbor_distance=8, scan_pattern='Rectangular', normalize='Batch', probe_scale=1.0, probe_normalize=True, data_scaling='Parseval', phase_subtraction=True, x_bounds=[0.05, 0.95], y_bounds=[0.05, 0.95], x_neighbor_bounds=(0.0, 12.0), y_neighbor_bounds=(0.7, 2.0))
Model config: ModelConfig(mode='Unsupervised', intensity_scale_trainable=False, intensity_scale=10000.0, max_position_jitter=10, C_model=4, n_filters_scale=2, amp_activation='silu', batch_norm=False, probe_mask=None, edge_pad=10, decoder_last_c_outer_fraction=0.125, decoder_last_amp_channels=4, eca_encoder=False, cbam_encoder=True, cbam_bottleneck=False, cbam_decoder=False, eca_decoder=False, spatial_decoder=False, decoder_spatial_kernel=7, object_big=True, probe_big=True, offset=6, C_forward=4, loss_function='Poisson', amp_loss=None, phase_loss=None, amp_loss_coeff=4.0, phase_loss_coeff=1.0)
Inference config: InferenceConfig(middle_trim=32, batch_size=1024, experiment_number=0, pad_eval=True, window=20)
Model load time: 0.8207519054412842 
 Data load time: 1.405099630355835
Total inference time: 2.9149229526519775
Total assembly time: 0.17159223556518555
Latency-only mode: skipped plot and reconstruction save.
Deleted memmap cache: /var/tmp/pbs.8559124.aurora-pbs-0001.hostmgmt.cm.aurora.alcf.anl.gov/ptychopinn_memmap_8559124.aurora-pbs-0001.hostmgmt.cm.aurora.alcf.anl.gov/Max/synthetic_inputs_R12000/_memmap
Deleted memmap state: /var/tmp/pbs.8559124.aurora-pbs-0001.hostmgmt.cm.aurora.alcf.anl.gov/ptychopinn_memmap_8559124.aurora-pbs-0001.hostmgmt.cm.aurora.alcf.anl.gov/Max/synthetic_inputs_R12000/_memmap_state_files.npz
