/opt/amdgpu/share/libdrm/amdgpu.ids: No such file or directory
/opt/amdgpu/share/libdrm/amdgpu.ids: No such file or directory
/opt/amdgpu/share/libdrm/amdgpu.ids: No such file or directory
/opt/amdgpu/share/libdrm/amdgpu.ids: No such file or directory
/opt/amdgpu/share/libdrm/amdgpu.ids: No such file or directory
/opt/amdgpu/share/libdrm/amdgpu.ids: No such file or directory
/opt/amdgpu/share/libdrm/amdgpu.ids: No such file or directory
/opt/amdgpu/share/libdrm/amdgpu.ids: No such file or directory
torch visible CUDA GPUs: 1
torch current CUDA GPU:  0 (AMD Radeon Graphics)
dataset:   synthetic_inputs/R16000 -> synthetic_inputs/R16000
model:     PS_W
run_id:    74ba23396c4042afb1751afe9fa87520
device:    cuda
output:    /home/zhong.zheng/PtychoPINN/modeling_exp/MI300X/R16000/bs1024_outputs/synthetic_inputs/R16000_PS_W_recon.npz
Starting matched power monitor: /home/zhong.zheng/PtychoPINN/modeling_exp/MI300X/R16000/bs1024_power.csv
Loading model...

Downloading artifacts:   0%|          | 0/6 [00:00<?, ?it/s]
Downloading artifacts:  17%|█▋        | 1/6 [00:00<00:00, 24385.49it/s]
Downloading artifacts:  33%|███▎      | 2/6 [00:00<00:00, 20410.24it/s]
Downloading artifacts:  50%|█████     | 3/6 [00:00<00:00, 23388.31it/s]
Downloading artifacts:  67%|██████▋   | 4/6 [00:00<00:00, 25692.52it/s]
Downloading artifacts:  83%|████████▎ | 5/6 [00:00<00:00, 20805.08it/s]
Downloading artifacts: 100%|██████████| 6/6 [00:00<00:00, 5207.08it/s] 
Downloading artifacts: 100%|██████████| 6/6 [00:00<00:00, 4999.17it/s]
2026/06/24 19:30:26 WARNING mlflow.pytorch: Stored model version '2.5.1' does not match installed PyTorch version '2.9.1+rocm6.3'
Model loaded. Beginning dataloader prep...
[PtychoDataset profile] __init__ setup: 0.000155 s
[PtychoDataset profile] file listing: 0.000587 s
Calculating dataset length with coordinate bounds...
[PtychoDataset profile] calculate_length file synthetic_16000_N64.npz npz_headers: 0.001901 s
For file synthetic_inputs/R16000/synthetic_16000_N64.npz, maximum x_range is (np.float64(32.0), np.float64(284.0)), yrange is (np.float64(32.0), np.float64(282.0))
[PtychoDataset profile] calculate_length file synthetic_16000_N64.npz total: 0.001997 s
[PtychoDataset profile] calculate_length total: 0.002005 s
[PtychoDataset profile] calculate_length: 0.002013 s
[PtychoDataset profile] map existence check: 0.000032 s
[PtychoDataset profile] map directory setup: 0.000016 s
Creating memory mapped tensor dictionary...
Memory map length: 12656
Memory map creation time: 0.0009260177612304688
[PtychoDataset profile] memory_map_data memmap_like: 0.000995 s
Populating memory map for dataset 0
Estimated rows for dataset: 12656
[PtychoDataset profile] memory_map_data dataset 0 load/filter coords: 0.007207 s
Building KDTree for 16000 points...
Processing 12656 potential central points...
Finished quadrant neighbor processing. Found 12656 valid C=4 groups.
[PtychoDataset profile] memory_map_data dataset 0 group coords: 0.842514 s
Actual grouped rows for dataset: 12656
[PtychoDataset profile] memory_map_data dataset 0 write grouped coord tensors: 0.013590 s
[PtychoDataset profile] memory_map_data dataset 0 write experiment ids: 0.000103 s
[PtychoDataset profile] memory_map_data dataset 0 load/store probe: 0.001413 s
[PtychoDataset profile] memory_map_data dataset 0 load/store object: 0.001416 s
Non-diffraction memory map write time: 0.8664662837982178
[PtychoDataset profile] memory_map_data dataset 0 load diff3d: 0.158205 s
Getting normalization coefficients...
Batch rms factor is tensor([[[[0.0488]]]])
[PtychoDataset profile] memory_map_data dataset 0 normalization constants: 0.011690 s
[PtychoDataset profile] memory_map_data dataset 0 write image tensors: 0.445303 s
Diffraction memory map write time: 0.6157336235046387
[PtychoDataset profile] memory_map_data dataset 0 total: 1.482215 s
[PtychoDataset profile] memory_map_data total: 1.484208 s
[PtychoDataset profile] memory_map_data: 1.484788 s
[PtychoDataset profile] save state file: 0.001432 s
[PtychoDataset profile] TensorDict.load_memmap: 0.018922 s
[PtychoDataset profile] load state file: 0.001277 s
[PtychoDataset Rank 0] Initialization successful. Dataset length: 12656.
[PtychoDataset profile] __init__ total: 1.509539 s
Params set by AI: DeviceGroupedConvFwdMultipleABD_Xdl_CShuffle_V3<256, 128, 128, 64, OddC, 32, 32, 2, 2, 8, 8, 8, 1, 1, BlkGemmPipelineScheduler: Intrawave, BlkGemmPipelineVersion: v3>
Dataloader finished.
Data config: DataConfig(nphotons=100000.0, N=64, C=4, K=6, K_quadrant=60, n_subsample=1, grid_size=[2, 2], neighbor_function='4_quadrant', min_neighbor_distance=0.5, max_neighbor_distance=8, scan_pattern='Rectangular', normalize='Batch', probe_scale=1.0, probe_normalize=True, data_scaling='Parseval', phase_subtraction=True, x_bounds=[0.05, 0.95], y_bounds=[0.05, 0.95], x_neighbor_bounds=(0.0, 12.0), y_neighbor_bounds=(0.7, 2.0))
Model config: ModelConfig(mode='Unsupervised', intensity_scale_trainable=False, intensity_scale=10000.0, max_position_jitter=10, C_model=4, n_filters_scale=2, amp_activation='silu', batch_norm=False, probe_mask=None, edge_pad=10, decoder_last_c_outer_fraction=0.125, decoder_last_amp_channels=4, eca_encoder=False, cbam_encoder=True, cbam_bottleneck=False, cbam_decoder=False, eca_decoder=False, spatial_decoder=False, decoder_spatial_kernel=7, object_big=True, probe_big=True, offset=6, C_forward=4, loss_function='Poisson', amp_loss=None, phase_loss=None, amp_loss_coeff=4.0, phase_loss_coeff=1.0)
Inference config: InferenceConfig(middle_trim=32, batch_size=1024, experiment_number=0, pad_eval=True, window=20)
Model load time: 1.5748567581176758 
 Data load time: 1.509582757949829
Total inference time: 1.1252140998840332
Total assembly time: 0.048795461654663086
Latency-only mode: skipped plot and reconstruction save.
Deleted memmap cache: /tmp/ptychopinn_memmaps/MI300X/synthetic_inputs_R16000/_memmap
Deleted memmap state: /tmp/ptychopinn_memmaps/MI300X/synthetic_inputs_R16000/_memmap_state_files.npz
