/home/zhong.zheng/miniforge3/envs/ptychopinn_torch/lib/python3.10/site-packages/mlflow/tracking/_tracking_service/utils.py:184: FutureWarning: The filesystem tracking backend (e.g., './mlruns') is deprecated as of February 2026. Consider transitioning to a database backend (e.g., 'sqlite:///mlflow.db') to take advantage of the latest MLflow features. See https://mlflow.org/docs/latest/self-hosting/migrate-from-file-store for migration guidance.
  return FileStore(store_uri, store_uri)
torch visible CUDA GPUs: 1
torch current CUDA GPU:  0 (NVIDIA A100-PCIE-40GB)
dataset:   synthetic_inputs/R2000 -> synthetic_inputs/R2000
model:     PS_W
run_id:    74ba23396c4042afb1751afe9fa87520
device:    cuda
output:    /home/zhong.zheng/PtychoPINN/modeling_exp/A100/R2000/bs1024_outputs/synthetic_inputs/R2000_PS_W_recon.npz
Starting matched power monitor: /home/zhong.zheng/PtychoPINN/modeling_exp/A100/R2000/bs1024_power.csv
Loading model...

Downloading artifacts:   0%|          | 0/6 [00:00<?, ?it/s]
Downloading artifacts:  17%|█▋        | 1/6 [00:00<00:00, 9404.27it/s]
Downloading artifacts:  33%|███▎      | 2/6 [00:00<00:00, 9927.35it/s]
Downloading artifacts:  50%|█████     | 3/6 [00:00<00:00, 11522.81it/s]
Downloading artifacts:  67%|██████▋   | 4/6 [00:00<00:00, 7887.74it/s] 
Downloading artifacts:  83%|████████▎ | 5/6 [00:00<00:00, 6112.36it/s]
Downloading artifacts: 100%|██████████| 6/6 [00:00<00:00, 976.02it/s] 
Downloading artifacts: 100%|██████████| 6/6 [00:00<00:00, 964.13it/s]
2026/06/24 18:34:33 WARNING mlflow.pytorch: Stored model version '2.5.1' does not match installed PyTorch version '2.11.0+cu128'
Model loaded. Beginning dataloader prep...
[PtychoDataset profile] __init__ setup: 0.000180 s
[PtychoDataset profile] file listing: 0.000514 s
Calculating dataset length with coordinate bounds...
[PtychoDataset profile] calculate_length file synthetic_2000_N64.npz npz_headers: 0.001299 s
For file synthetic_inputs/R2000/synthetic_2000_N64.npz, maximum x_range is (np.float64(32.0), np.float64(120.0)), yrange is (np.float64(32.0), np.float64(120.0))
[PtychoDataset profile] calculate_length file synthetic_2000_N64.npz total: 0.001397 s
[PtychoDataset profile] calculate_length total: 0.001407 s
[PtychoDataset profile] calculate_length: 0.001416 s
[PtychoDataset profile] map existence check: 0.000037 s
[PtychoDataset profile] map directory setup: 0.000019 s
Creating memory mapped tensor dictionary...
Memory map length: 1521
Memory map creation time: 0.01813364028930664
[PtychoDataset profile] memory_map_data memmap_like: 0.001530 s
Populating memory map for dataset 0
Estimated rows for dataset: 1521
[PtychoDataset profile] memory_map_data dataset 0 load/filter coords: 0.001059 s
Building KDTree for 2000 points...
Processing 1521 potential central points...
Finished quadrant neighbor processing. Found 1521 valid C=4 groups.
[PtychoDataset profile] memory_map_data dataset 0 group coords: 0.196551 s
Actual grouped rows for dataset: 1521
[PtychoDataset profile] memory_map_data dataset 0 write grouped coord tensors: 0.001789 s
[PtychoDataset profile] memory_map_data dataset 0 write experiment ids: 0.000073 s
[PtychoDataset profile] memory_map_data dataset 0 load/store probe: 0.000714 s
[PtychoDataset profile] memory_map_data dataset 0 load/store object: 0.000834 s
Non-diffraction memory map write time: 0.20107388496398926
[PtychoDataset profile] memory_map_data dataset 0 load diff3d: 0.027005 s
Getting normalization coefficients...
Batch rms factor is tensor([[[[0.0488]]]])
[PtychoDataset profile] memory_map_data dataset 0 normalization constants: 0.003710 s
[PtychoDataset profile] memory_map_data dataset 0 write image tensors: 0.054154 s
Diffraction memory map write time: 0.08494257926940918
[PtychoDataset profile] memory_map_data dataset 0 total: 0.286032 s
[PtychoDataset profile] memory_map_data total: 0.305744 s
[PtychoDataset profile] memory_map_data: 0.305952 s
[PtychoDataset profile] save state file: 0.001007 s
[PtychoDataset profile] TensorDict.load_memmap: 0.005565 s
[PtychoDataset profile] load state file: 0.001324 s
[PtychoDataset Rank 0] Initialization successful. Dataset length: 1521.
[PtychoDataset profile] __init__ total: 0.316139 s
Dataloader finished.
Data config: DataConfig(nphotons=100000.0, N=64, C=4, K=6, K_quadrant=60, n_subsample=1, grid_size=[2, 2], neighbor_function='4_quadrant', min_neighbor_distance=0.5, max_neighbor_distance=8, scan_pattern='Rectangular', normalize='Batch', probe_scale=1.0, probe_normalize=True, data_scaling='Parseval', phase_subtraction=True, x_bounds=[0.05, 0.95], y_bounds=[0.05, 0.95], x_neighbor_bounds=(0.0, 12.0), y_neighbor_bounds=(0.7, 2.0))
Model config: ModelConfig(mode='Unsupervised', intensity_scale_trainable=False, intensity_scale=10000.0, max_position_jitter=10, C_model=4, n_filters_scale=2, amp_activation='silu', batch_norm=False, probe_mask=None, edge_pad=10, decoder_last_c_outer_fraction=0.125, decoder_last_amp_channels=4, eca_encoder=False, cbam_encoder=True, cbam_bottleneck=False, cbam_decoder=False, eca_decoder=False, spatial_decoder=False, decoder_spatial_kernel=7, object_big=True, probe_big=True, offset=6, C_forward=4, loss_function='Poisson', amp_loss=None, phase_loss=None, amp_loss_coeff=4.0, phase_loss_coeff=1.0)
Inference config: InferenceConfig(middle_trim=32, batch_size=1024, experiment_number=0, pad_eval=True, window=20)
Model load time: 0.9808139801025391 
 Data load time: 0.3161656856536865
Total inference time: 0.43781304359436035
Total assembly time: 0.03429412841796875
Latency-only mode: skipped plot and reconstruction save.
Deleted memmap cache: /tmp/ptychopinn_memmaps/A100/synthetic_inputs_R2000/_memmap
Deleted memmap state: /tmp/ptychopinn_memmaps/A100/synthetic_inputs_R2000/_memmap_state_files.npz
